Host: holygpu8a19401.rc.fas.harvard.edu
CUDA: True NVIDIA A100-SXM4-40GB
Device: cuda
ts dynamics finished R=1.000 eps_g=0.0000
ts phase K=2 lr=0.002 eps_g=0.9672 R=0.174
ts phase K=2 lr=0.005 eps_g=0.5087 R=0.479
ts phase K=2 lr=0.01 eps_g=0.1217 R=0.657
ts phase K=2 lr=0.03 eps_g=0.1149 R=0.636
ts phase K=2 lr=0.1 eps_g=0.1133 R=0.640
ts phase K=2 lr=0.3 eps_g=0.1332 R=0.634
ts phase K=4 lr=0.002 eps_g=0.7964 R=0.273
ts phase K=4 lr=0.005 eps_g=0.3493 R=0.469
ts phase K=4 lr=0.01 eps_g=0.1489 R=0.619
ts phase K=4 lr=0.03 eps_g=0.1116 R=0.635
ts phase K=4 lr=0.1 eps_g=0.0533 R=0.813
ts phase K=4 lr=0.3 eps_g=0.0760 R=0.817
ts phase K=8 lr=0.002 eps_g=0.7887 R=0.302
ts phase K=8 lr=0.005 eps_g=0.3652 R=0.464
ts phase K=8 lr=0.01 eps_g=0.1963 R=0.573
ts phase K=8 lr=0.03 eps_g=0.1073 R=0.729
ts phase K=8 lr=0.1 eps_g=0.0590 R=0.817
ts phase K=8 lr=0.3 eps_g=0.0003 R=0.999
ts phase K=16 lr=0.002 eps_g=0.6170 R=0.400
ts phase K=16 lr=0.005 eps_g=0.5495 R=0.446
ts phase K=16 lr=0.01 eps_g=0.2599 R=0.465
ts phase K=16 lr=0.03 eps_g=0.1166 R=0.671
ts phase K=16 lr=0.1 eps_g=0.0338 R=0.923
ts phase K=16 lr=0.3 eps_g=0.0001 R=1.000
ts phase K=32 lr=0.002 eps_g=0.6924 R=0.391
ts phase K=32 lr=0.005 eps_g=0.3064 R=0.446
ts phase K=32 lr=0.01 eps_g=0.2596 R=0.492
ts phase K=32 lr=0.03 eps_g=0.1230 R=0.665
ts phase K=32 lr=0.1 eps_g=0.0233 R=0.962
ts phase K=32 lr=0.3 eps_g=0.0011 R=0.999
ts phase K=64 lr=0.002 eps_g=0.6444 R=0.366
ts phase K=64 lr=0.005 eps_g=0.3735 R=0.406
ts phase K=64 lr=0.01 eps_g=0.2362 R=0.521
ts phase K=64 lr=0.03 eps_g=0.1598 R=0.645
ts phase K=64 lr=0.1 eps_g=0.0602 R=0.886
ts phase K=64 lr=0.3 eps_g=0.0050 R=0.996
ts width K=2 eps_g=0.1129 R=0.640
ts width K=3 eps_g=0.1136 R=0.664
ts width K=4 eps_g=0.0549 R=0.814
ts width K=5 eps_g=0.0538 R=0.804
ts width K=6 eps_g=0.0588 R=0.889
ts width K=8 eps_g=0.0123 R=0.979
ts width K=10 eps_g=0.0081 R=0.980
ts width K=12 eps_g=0.0038 R=0.995
ts width K=16 eps_g=0.0332 R=0.880
ts width K=24 eps_g=0.0774 R=0.814
ts width K=32 eps_g=0.0460 R=0.909
ts width K=48 eps_g=0.0515 R=0.845
ts width K=64 eps_g=0.0631 R=0.800
ts width K=96 eps_g=0.0875 R=0.739
ts sample n=100 alpha=2.0 eps_g=0.5853
ts sample n=200 alpha=4.0 eps_g=0.3804
ts sample n=400 alpha=8.0 eps_g=0.2443
ts sample n=800 alpha=16.0 eps_g=0.1019
ts sample n=1500 alpha=30.0 eps_g=0.0761
ts sample n=3000 alpha=60.0 eps_g=0.0111
ts sample n=6000 alpha=120.0 eps_g=0.0007
ts sample n=12000 alpha=240.0 eps_g=0.0000
ts eos finished (4000 steps)
grokking done final train_acc=1.000 test_acc=1.000
